// Vitest Snapshot v1, https://vitest.dev/guide/snapshot.html

exports[`SearchBar > renders correctly 1`] = `
"<div class="relative"><label for="league-search" class="sr-only">Search leagues by name</label><!-- from https://heroicons.com/ outline --><svg class="pointer-events-none absolute left-3 top-1/2 h-4 w-4 -translate-y-1/2 text-light/40" xmlns="http://www.w3.org/2000/svg" fill="none" viewBox="0 0 24 24" stroke-width="2" stroke="currentColor" aria-hidden="true">
    <path stroke-linecap="round" stroke-linejoin="round" d="m21 21-5.197-5.197m0 0A7.5 7.5 0 1 0 5.196 5.196a7.5 7.5 0 0 0 10.607 10.607Z"></path>
  </svg><input id="league-search" type="search" placeholder="Search leagues..." autocomplete="off" class="input-base pl-10"></div>"
`;
